2026-09-07 17:17:53,055 | INFO | Timestamped output directory: C:\Users\asherk\PycharmProjects\DS_Training\E - nn_intro\part2\outputs\cnn_20260907_171753
2026-09-07 17:17:58,119 | INFO | TensorFlow 2.21.0; Keras 3.15.1; devices [LogicalDevice(name='/device:CPU:0', device_type='CPU')]
2026-09-07 17:18:01,838 | INFO | Model: "cifar_dense"
┏━━━━━━━━━━━━━━━━━━━━━━━━━━━━━━━━━┳━━━━━━━━━━━━━━━━━━━━━━━━┳━━━━━━━━━━━━━━━┓
┃ Layer (type)                    ┃ Output Shape           ┃       Param # ┃
┡━━━━━━━━━━━━━━━━━━━━━━━━━━━━━━━━━╇━━━━━━━━━━━━━━━━━━━━━━━━╇━━━━━━━━━━━━━━━┩
│ cifar_rgb (InputLayer)          │ (None, 32, 32, 3)      │             0 │
├─────────────────────────────────┼────────────────────────┼───────────────┤
│ flatten (Flatten)               │ (None, 3072)           │             0 │
├─────────────────────────────────┼────────────────────────┼───────────────┤
│ dense_1 (Dense)                 │ (None, 500)            │     1,536,500 │
├─────────────────────────────────┼────────────────────────┼───────────────┤
│ dense_2 (Dense)                 │ (None, 200)            │       100,200 │
├─────────────────────────────────┼────────────────────────┼───────────────┤
│ dense_3 (Dense)                 │ (None, 100)            │        20,100 │
├─────────────────────────────────┼────────────────────────┼───────────────┤
│ dense_4 (Dense)                 │ (None, 50)             │         5,050 │
├─────────────────────────────────┼────────────────────────┼───────────────┤
│ dense (Dense)                   │ (None, 10)             │           510 │
└─────────────────────────────────┴────────────────────────┴───────────────┘
 Total params: 1,662,360 (6.34 MB)
 Trainable params: 1,662,360 (6.34 MB)
 Non-trainable params: 0 (0.00 B)

2026-09-07 17:18:06,750 | INFO | Dense epoch 1 | {'accuracy': 0.2820444405078888, 'loss': 1.964235544204712, 'val_accuracy': 0.334199994802475, 'val_loss': 1.8399174213409424} | elapsed 4.6s
2026-09-07 17:18:09,675 | INFO | Dense epoch 2 | {'accuracy': 0.3705333471298218, 'loss': 1.7364004850387573, 'val_accuracy': 0.3903999924659729, 'val_loss': 1.7183880805969238} | elapsed 7.5s
2026-09-07 17:18:12,935 | INFO | Dense epoch 3 | {'accuracy': 0.4056222140789032, 'loss': 1.649456262588501, 'val_accuracy': 0.3959999978542328, 'val_loss': 1.6717991828918457} | elapsed 10.8s
2026-09-07 17:18:16,113 | INFO | Dense epoch 4 | {'accuracy': 0.43202221393585205, 'loss': 1.5839273929595947, 'val_accuracy': 0.4327999949455261, 'val_loss': 1.579397439956665} | elapsed 14.0s
2026-09-07 17:18:19,359 | INFO | Dense epoch 5 | {'accuracy': 0.44957777857780457, 'loss': 1.5354187488555908, 'val_accuracy': 0.4368000030517578, 'val_loss': 1.5734264850616455} | elapsed 17.2s
2026-09-07 17:18:22,533 | INFO | Dense epoch 6 | {'accuracy': 0.4678444564342499, 'loss': 1.4913232326507568, 'val_accuracy': 0.4553999900817871, 'val_loss': 1.515126347541809} | elapsed 20.4s
2026-09-07 17:18:25,654 | INFO | Dense epoch 7 | {'accuracy': 0.47839999198913574, 'loss': 1.46051025390625, 'val_accuracy': 0.4603999853134155, 'val_loss': 1.5051796436309814} | elapsed 23.5s
2026-09-07 17:18:28,896 | INFO | Dense epoch 8 | {'accuracy': 0.48624444007873535, 'loss': 1.4339025020599365, 'val_accuracy': 0.4790000021457672, 'val_loss': 1.4784873723983765} | elapsed 26.7s
2026-09-07 17:18:32,128 | INFO | Dense epoch 9 | {'accuracy': 0.49477776885032654, 'loss': 1.4038147926330566, 'val_accuracy': 0.4699999988079071, 'val_loss': 1.4945976734161377} | elapsed 30.0s
2026-09-07 17:18:35,188 | INFO | Dense epoch 10 | {'accuracy': 0.503777801990509, 'loss': 1.3860983848571777, 'val_accuracy': 0.46160000562667847, 'val_loss': 1.5352230072021484} | elapsed 33.0s
2026-09-07 17:18:38,161 | INFO | Dense epoch 11 | {'accuracy': 0.5136222243309021, 'loss': 1.3623051643371582, 'val_accuracy': 0.4796000123023987, 'val_loss': 1.4545173645019531} | elapsed 36.0s
2026-09-07 17:18:41,238 | INFO | Dense epoch 12 | {'accuracy': 0.5197111368179321, 'loss': 1.3418434858322144, 'val_accuracy': 0.47760000824928284, 'val_loss': 1.462045431137085} | elapsed 39.1s
2026-09-07 17:18:44,663 | INFO | Dense epoch 13 | {'accuracy': 0.5295110940933228, 'loss': 1.3192484378814697, 'val_accuracy': 0.4878000020980835, 'val_loss': 1.4569486379623413} | elapsed 42.5s
2026-09-07 17:18:47,980 | INFO | Dense epoch 14 | {'accuracy': 0.5357111096382141, 'loss': 1.2957522869110107, 'val_accuracy': 0.49160000681877136, 'val_loss': 1.4480366706848145} | elapsed 45.8s
2026-09-07 17:18:51,059 | INFO | Dense epoch 15 | {'accuracy': 0.5422888994216919, 'loss': 1.2785701751708984, 'val_accuracy': 0.4887999892234802, 'val_loss': 1.432066559791565} | elapsed 48.9s
2026-09-07 17:18:54,055 | INFO | Dense epoch 16 | {'accuracy': 0.5514000058174133, 'loss': 1.2535319328308105, 'val_accuracy': 0.49300000071525574, 'val_loss': 1.4320427179336548} | elapsed 51.9s
2026-09-07 17:18:57,331 | INFO | Dense epoch 17 | {'accuracy': 0.5579110980033875, 'loss': 1.2373169660568237, 'val_accuracy': 0.5009999871253967, 'val_loss': 1.4167176485061646} | elapsed 55.2s
2026-09-07 17:19:00,805 | INFO | Dense epoch 18 | {'accuracy': 0.5636444687843323, 'loss': 1.2125264406204224, 'val_accuracy': 0.5027999877929688, 'val_loss': 1.4481825828552246} | elapsed 58.6s
2026-09-07 17:19:04,082 | INFO | Dense epoch 19 | {'accuracy': 0.5696222186088562, 'loss': 1.2030702829360962, 'val_accuracy': 0.5153999924659729, 'val_loss': 1.4021791219711304} | elapsed 61.9s
2026-09-07 17:19:07,279 | INFO | Dense epoch 20 | {'accuracy': 0.5761333107948303, 'loss': 1.179073452949524, 'val_accuracy': 0.49140000343322754, 'val_loss': 1.4135420322418213} | elapsed 65.1s
2026-09-07 17:19:10,357 | INFO | Dense epoch 21 | {'accuracy': 0.5807777643203735, 'loss': 1.1673266887664795, 'val_accuracy': 0.508400022983551, 'val_loss': 1.4462401866912842} | elapsed 68.2s
2026-09-07 17:19:13,642 | INFO | Dense epoch 22 | {'accuracy': 0.5905555486679077, 'loss': 1.140143871307373, 'val_accuracy': 0.5, 'val_loss': 1.4551371335983276} | elapsed 71.5s
2026-09-07 17:19:16,867 | INFO | Dense epoch 23 | {'accuracy': 0.5958222150802612, 'loss': 1.1267459392547607, 'val_accuracy': 0.5094000101089478, 'val_loss': 1.4094109535217285} | elapsed 74.7s
2026-09-07 17:19:19,988 | INFO | Dense epoch 24 | {'accuracy': 0.604888916015625, 'loss': 1.1084355115890503, 'val_accuracy': 0.5144000053405762, 'val_loss': 1.432304859161377} | elapsed 77.8s
2026-09-07 17:19:23,054 | INFO | Dense epoch 25 | {'accuracy': 0.6077555418014526, 'loss': 1.0962005853652954, 'val_accuracy': 0.4997999966144562, 'val_loss': 1.466498851776123} | elapsed 80.9s
2026-09-07 17:19:26,125 | INFO | Dense epoch 26 | {'accuracy': 0.6155999898910522, 'loss': 1.0768091678619385, 'val_accuracy': 0.508400022983551, 'val_loss': 1.468978762626648} | elapsed 84.0s
2026-09-07 17:19:29,359 | INFO | Dense epoch 27 | {'accuracy': 0.6192444562911987, 'loss': 1.067021131515503, 'val_accuracy': 0.5098000168800354, 'val_loss': 1.4299533367156982} | elapsed 87.2s
2026-09-07 17:19:32,615 | INFO | Dense epoch 28 | {'accuracy': 0.625333309173584, 'loss': 1.0453404188156128, 'val_accuracy': 0.5073999762535095, 'val_loss': 1.443509817123413} | elapsed 90.5s
2026-09-07 17:19:35,733 | INFO | Dense epoch 29 | {'accuracy': 0.628600001335144, 'loss': 1.0327495336532593, 'val_accuracy': 0.5171999931335449, 'val_loss': 1.4547489881515503} | elapsed 93.6s
2026-09-07 17:19:38,917 | INFO | Dense epoch 30 | {'accuracy': 0.6385555267333984, 'loss': 1.0103037357330322, 'val_accuracy': 0.5103999972343445, 'val_loss': 1.454834222793579} | elapsed 96.8s
2026-09-07 17:19:42,107 | INFO | Dense epoch 31 | {'accuracy': 0.6412222385406494, 'loss': 1.001377820968628, 'val_accuracy': 0.5116000175476074, 'val_loss': 1.508935570716858} | elapsed 99.9s
2026-09-07 17:19:45,510 | INFO | Dense epoch 32 | {'accuracy': 0.6469555497169495, 'loss': 0.9876341819763184, 'val_accuracy': 0.5148000121116638, 'val_loss': 1.4616029262542725} | elapsed 103.4s
2026-09-07 17:19:48,754 | INFO | Dense epoch 33 | {'accuracy': 0.65137779712677, 'loss': 0.9693219661712646, 'val_accuracy': 0.5105999708175659, 'val_loss': 1.523061752319336} | elapsed 106.6s
2026-09-07 17:19:51,846 | INFO | Dense epoch 34 | {'accuracy': 0.6543777585029602, 'loss': 0.9611039161682129, 'val_accuracy': 0.5123999714851379, 'val_loss': 1.5135809183120728} | elapsed 109.7s
2026-09-07 17:19:54,923 | INFO | Dense epoch 35 | {'accuracy': 0.6597333550453186, 'loss': 0.9518573880195618, 'val_accuracy': 0.5157999992370605, 'val_loss': 1.5197604894638062} | elapsed 112.8s
2026-09-07 17:19:58,233 | INFO | Dense epoch 36 | {'accuracy': 0.6695555448532104, 'loss': 0.9259656071662903, 'val_accuracy': 0.48820000886917114, 'val_loss': 1.639676570892334} | elapsed 116.1s
2026-09-07 17:20:01,577 | INFO | Dense epoch 37 | {'accuracy': 0.6702444553375244, 'loss': 0.9234673380851746, 'val_accuracy': 0.5180000066757202, 'val_loss': 1.5500924587249756} | elapsed 119.4s
2026-09-07 17:20:04,688 | INFO | Dense epoch 38 | {'accuracy': 0.6733111143112183, 'loss': 0.9116492867469788, 'val_accuracy': 0.498199999332428, 'val_loss': 1.6186914443969727} | elapsed 122.5s
2026-09-07 17:20:07,924 | INFO | Dense epoch 39 | {'accuracy': 0.6765111088752747, 'loss': 0.896740734577179, 'val_accuracy': 0.5099999904632568, 'val_loss': 1.5982269048690796} | elapsed 125.8s
2026-09-07 17:20:11,262 | INFO | Dense epoch 40 | {'accuracy': 0.6798222064971924, 'loss': 0.8928090333938599, 'val_accuracy': 0.5130000114440918, 'val_loss': 1.5888217687606812} | elapsed 129.1s
2026-09-07 17:20:16,495 | INFO | Model: "cifar_cnn"
┏━━━━━━━━━━━━━━━━━━━━━━━━━━━━━━━━━┳━━━━━━━━━━━━━━━━━━━━━━━━┳━━━━━━━━━━━━━━━┓
┃ Layer (type)                    ┃ Output Shape           ┃       Param # ┃
┡━━━━━━━━━━━━━━━━━━━━━━━━━━━━━━━━━╇━━━━━━━━━━━━━━━━━━━━━━━━╇━━━━━━━━━━━━━━━┩
│ input_layer (InputLayer)        │ (None, 32, 32, 3)      │             0 │
├─────────────────────────────────┼────────────────────────┼───────────────┤
│ block1_conv1 (Conv2D)           │ (None, 30, 30, 32)     │           896 │
├─────────────────────────────────┼────────────────────────┼───────────────┤
│ block1_conv2 (Conv2D)           │ (None, 28, 28, 32)     │         9,248 │
├─────────────────────────────────┼────────────────────────┼───────────────┤
│ max_pooling2d (MaxPooling2D)    │ (None, 14, 14, 32)     │             0 │
├─────────────────────────────────┼────────────────────────┼───────────────┤
│ dropout (Dropout)               │ (None, 14, 14, 32)     │             0 │
├─────────────────────────────────┼────────────────────────┼───────────────┤
│ block2_conv1 (Conv2D)           │ (None, 12, 12, 64)     │        18,496 │
├─────────────────────────────────┼────────────────────────┼───────────────┤
│ block2_conv2 (Conv2D)           │ (None, 10, 10, 64)     │        36,928 │
├─────────────────────────────────┼────────────────────────┼───────────────┤
│ max_pooling2d_1 (MaxPooling2D)  │ (None, 5, 5, 64)       │             0 │
├─────────────────────────────────┼────────────────────────┼───────────────┤
│ dropout_1 (Dropout)             │ (None, 5, 5, 64)       │             0 │
├─────────────────────────────────┼────────────────────────┼───────────────┤
│ flatten_1 (Flatten)             │ (None, 1600)           │             0 │
├─────────────────────────────────┼────────────────────────┼───────────────┤
│ dense_1 (Dense)                 │ (None, 200)            │       320,200 │
├─────────────────────────────────┼────────────────────────┼───────────────┤
│ dropout_2 (Dropout)             │ (None, 200)            │             0 │
├─────────────────────────────────┼────────────────────────┼───────────────┤
│ dense_2 (Dense)                 │ (None, 10)             │         2,010 │
└─────────────────────────────────┴────────────────────────┴───────────────┘
 Total params: 387,778 (1.48 MB)
 Trainable params: 387,778 (1.48 MB)
 Non-trainable params: 0 (0.00 B)

2026-09-07 17:20:32,872 | INFO | CNN epoch 1 | {'accuracy': 0.400133341550827, 'loss': 1.6195309162139893, 'val_accuracy': 0.5184000134468079, 'val_loss': 1.3038768768310547} | elapsed 16.1s
2026-09-07 17:20:47,588 | INFO | CNN epoch 2 | {'accuracy': 0.5415111184120178, 'loss': 1.2822941541671753, 'val_accuracy': 0.5871999859809875, 'val_loss': 1.1679619550704956} | elapsed 30.8s
2026-09-07 17:21:01,660 | INFO | CNN epoch 3 | {'accuracy': 0.6036221981048584, 'loss': 1.1188422441482544, 'val_accuracy': 0.6093999743461609, 'val_loss': 1.1257188320159912} | elapsed 44.9s
2026-09-07 17:21:16,165 | INFO | CNN epoch 4 | {'accuracy': 0.6422666907310486, 'loss': 1.020943522453308, 'val_accuracy': 0.6832000017166138, 'val_loss': 0.8992932438850403} | elapsed 59.4s
2026-09-07 17:21:29,381 | INFO | CNN epoch 5 | {'accuracy': 0.6685333251953125, 'loss': 0.9488548636436462, 'val_accuracy': 0.6913999915122986, 'val_loss': 0.872860848903656} | elapsed 72.6s
2026-09-07 17:21:42,455 | INFO | CNN epoch 6 | {'accuracy': 0.6878888607025146, 'loss': 0.8925307393074036, 'val_accuracy': 0.7174000144004822, 'val_loss': 0.801563024520874} | elapsed 85.7s
2026-09-07 17:21:55,721 | INFO | CNN epoch 7 | {'accuracy': 0.6984221935272217, 'loss': 0.854718029499054, 'val_accuracy': 0.7228000164031982, 'val_loss': 0.8099092841148376} | elapsed 98.9s
2026-09-07 17:22:09,272 | INFO | CNN epoch 8 | {'accuracy': 0.7141555547714233, 'loss': 0.8153524398803711, 'val_accuracy': 0.7264000177383423, 'val_loss': 0.7988579869270325} | elapsed 112.5s
2026-09-07 17:22:22,582 | INFO | CNN epoch 9 | {'accuracy': 0.7226889133453369, 'loss': 0.7924116253852844, 'val_accuracy': 0.7383999824523926, 'val_loss': 0.7506160140037537} | elapsed 125.8s
2026-09-07 17:22:35,365 | INFO | CNN epoch 10 | {'accuracy': 0.7368666529655457, 'loss': 0.7543080449104309, 'val_accuracy': 0.754800021648407, 'val_loss': 0.7026443481445312} | elapsed 138.6s
2026-09-07 17:22:48,738 | INFO | CNN epoch 11 | {'accuracy': 0.7406222224235535, 'loss': 0.7446941137313843, 'val_accuracy': 0.7576000094413757, 'val_loss': 0.6987833976745605} | elapsed 151.9s
2026-09-07 17:23:02,050 | INFO | CNN epoch 12 | {'accuracy': 0.7491333484649658, 'loss': 0.7182812094688416, 'val_accuracy': 0.7572000026702881, 'val_loss': 0.7064763307571411} | elapsed 165.3s
2026-09-07 17:23:17,464 | INFO | CNN epoch 13 | {'accuracy': 0.7559777498245239, 'loss': 0.6983278393745422, 'val_accuracy': 0.7567999958992004, 'val_loss': 0.7093992233276367} | elapsed 180.7s
2026-09-07 17:23:30,885 | INFO | CNN epoch 14 | {'accuracy': 0.7566221952438354, 'loss': 0.6906536221504211, 'val_accuracy': 0.760200023651123, 'val_loss': 0.6993962526321411} | elapsed 194.1s
2026-09-07 17:23:44,571 | INFO | CNN epoch 15 | {'accuracy': 0.7635999917984009, 'loss': 0.6770168542861938, 'val_accuracy': 0.7653999924659729, 'val_loss': 0.6710764765739441} | elapsed 207.8s
2026-09-07 17:23:57,885 | INFO | CNN epoch 16 | {'accuracy': 0.7692221999168396, 'loss': 0.6610977649688721, 'val_accuracy': 0.7716000080108643, 'val_loss': 0.6597411036491394} | elapsed 221.1s
2026-09-07 17:24:10,998 | INFO | CNN epoch 17 | {'accuracy': 0.7722222208976746, 'loss': 0.6457614302635193, 'val_accuracy': 0.7594000101089478, 'val_loss': 0.7006850838661194} | elapsed 234.2s
2026-09-07 17:24:24,012 | INFO | CNN epoch 18 | {'accuracy': 0.7741555571556091, 'loss': 0.641140878200531, 'val_accuracy': 0.7720000147819519, 'val_loss': 0.6696935892105103} | elapsed 247.2s
2026-09-07 17:24:38,550 | INFO | CNN epoch 19 | {'accuracy': 0.7801555395126343, 'loss': 0.6249362230300903, 'val_accuracy': 0.781000018119812, 'val_loss': 0.6470910906791687} | elapsed 261.8s
2026-09-07 17:24:52,280 | INFO | CNN epoch 20 | {'accuracy': 0.7852444648742676, 'loss': 0.6159564852714539, 'val_accuracy': 0.7764000296592712, 'val_loss': 0.6633012890815735} | elapsed 275.5s
2026-09-07 17:25:05,726 | INFO | CNN epoch 21 | {'accuracy': 0.7858889102935791, 'loss': 0.6137782335281372, 'val_accuracy': 0.775600016117096, 'val_loss': 0.6535400152206421} | elapsed 288.9s
2026-09-07 17:25:18,818 | INFO | CNN epoch 22 | {'accuracy': 0.789733350276947, 'loss': 0.596415102481842, 'val_accuracy': 0.772599995136261, 'val_loss': 0.668869137763977} | elapsed 302.0s
2026-09-07 17:25:31,763 | INFO | CNN epoch 23 | {'accuracy': 0.7956444621086121, 'loss': 0.5813087224960327, 'val_accuracy': 0.7749999761581421, 'val_loss': 0.6523492932319641} | elapsed 315.0s
2026-09-07 17:25:45,401 | INFO | CNN epoch 24 | {'accuracy': 0.7943778038024902, 'loss': 0.5838180184364319, 'val_accuracy': 0.7835999727249146, 'val_loss': 0.6684268116950989} | elapsed 328.6s
2026-09-07 17:25:58,960 | INFO | CNN epoch 25 | {'accuracy': 0.7987777590751648, 'loss': 0.568385899066925, 'val_accuracy': 0.782800018787384, 'val_loss': 0.6461675763130188} | elapsed 342.2s
2026-09-07 17:26:13,698 | INFO | CNN epoch 26 | {'accuracy': 0.8022444248199463, 'loss': 0.5578268766403198, 'val_accuracy': 0.7832000255584717, 'val_loss': 0.6383453607559204} | elapsed 356.9s
2026-09-07 17:26:28,165 | INFO | CNN epoch 27 | {'accuracy': 0.8036888837814331, 'loss': 0.5555236339569092, 'val_accuracy': 0.7803999781608582, 'val_loss': 0.6401631832122803} | elapsed 371.4s
2026-09-07 17:26:42,737 | INFO | CNN epoch 28 | {'accuracy': 0.8056889176368713, 'loss': 0.5512751936912537, 'val_accuracy': 0.7851999998092651, 'val_loss': 0.6413451433181763} | elapsed 385.9s
2026-09-07 17:26:57,466 | INFO | CNN epoch 29 | {'accuracy': 0.8097110986709595, 'loss': 0.5399324297904968, 'val_accuracy': 0.7821999788284302, 'val_loss': 0.6401568055152893} | elapsed 400.7s
2026-09-07 17:27:12,517 | INFO | CNN epoch 30 | {'accuracy': 0.8125110864639282, 'loss': 0.5320954918861389, 'val_accuracy': 0.7870000004768372, 'val_loss': 0.6195552945137024} | elapsed 415.7s
2026-09-07 17:27:26,437 | INFO | CNN epoch 31 | {'accuracy': 0.8145777583122253, 'loss': 0.5294564366340637, 'val_accuracy': 0.7817999720573425, 'val_loss': 0.6522574424743652} | elapsed 429.6s
2026-09-07 17:27:40,043 | INFO | CNN epoch 32 | {'accuracy': 0.8168888688087463, 'loss': 0.5226828455924988, 'val_accuracy': 0.7929999828338623, 'val_loss': 0.6244882345199585} | elapsed 443.3s
2026-09-07 17:27:53,646 | INFO | CNN epoch 33 | {'accuracy': 0.8206444382667542, 'loss': 0.5125157833099365, 'val_accuracy': 0.7807999849319458, 'val_loss': 0.6484954357147217} | elapsed 456.9s
2026-09-07 17:28:06,858 | INFO | CNN epoch 34 | {'accuracy': 0.8208666443824768, 'loss': 0.5103167295455933, 'val_accuracy': 0.7888000011444092, 'val_loss': 0.6194424033164978} | elapsed 470.1s
2026-09-07 17:28:21,216 | INFO | CNN epoch 35 | {'accuracy': 0.8230444192886353, 'loss': 0.5101925730705261, 'val_accuracy': 0.7825999855995178, 'val_loss': 0.6336129307746887} | elapsed 484.4s
2026-09-07 17:28:34,679 | INFO | CNN epoch 36 | {'accuracy': 0.8252666592597961, 'loss': 0.4963589310646057, 'val_accuracy': 0.7906000018119812, 'val_loss': 0.6424499154090881} | elapsed 497.9s
2026-09-07 17:28:48,668 | INFO | CNN epoch 37 | {'accuracy': 0.8257777690887451, 'loss': 0.49700430035591125, 'val_accuracy': 0.7914000153541565, 'val_loss': 0.6234869956970215} | elapsed 511.9s
2026-09-07 17:29:01,997 | INFO | CNN epoch 38 | {'accuracy': 0.8263333439826965, 'loss': 0.4927191436290741, 'val_accuracy': 0.7925999760627747, 'val_loss': 0.6177688241004944} | elapsed 525.2s
2026-09-07 17:29:15,409 | INFO | CNN epoch 39 | {'accuracy': 0.8293111324310303, 'loss': 0.4869929254055023, 'val_accuracy': 0.7937999963760376, 'val_loss': 0.6085633039474487} | elapsed 538.6s
2026-09-07 17:29:30,134 | INFO | CNN epoch 40 | {'accuracy': 0.8312222361564636, 'loss': 0.4795345067977905, 'val_accuracy': 0.7883999943733215, 'val_loss': 0.635282576084137} | elapsed 553.3s
2026-09-07 17:29:43,860 | INFO | Face data: (357, 224, 224, 3), uint8; values 0..255
2026-09-07 17:29:45,847 | INFO | Loaded all 145002878 VGGFace parameters from C:\Users\asherk\PycharmProjects\DS_Training\.cache\cnn\vggface_vgg16.h5
2026-09-07 17:29:45,958 | INFO | Model: "vggface_vgg16"
┏━━━━━━━━━━━━━━━━━━━━━━━━━━━━━━━━━┳━━━━━━━━━━━━━━━━━━━━━━━━┳━━━━━━━━━━━━━━━┓
┃ Layer (type)                    ┃ Output Shape           ┃       Param # ┃
┡━━━━━━━━━━━━━━━━━━━━━━━━━━━━━━━━━╇━━━━━━━━━━━━━━━━━━━━━━━━╇━━━━━━━━━━━━━━━┩
│ face_rgb (InputLayer)           │ (None, 224, 224, 3)    │             0 │
├─────────────────────────────────┼────────────────────────┼───────────────┤
│ conv1_1 (Conv2D)                │ (None, 224, 224, 64)   │         1,792 │
├─────────────────────────────────┼────────────────────────┼───────────────┤
│ conv1_2 (Conv2D)                │ (None, 224, 224, 64)   │        36,928 │
├─────────────────────────────────┼────────────────────────┼───────────────┤
│ pool1 (MaxPooling2D)            │ (None, 112, 112, 64)   │             0 │
├─────────────────────────────────┼────────────────────────┼───────────────┤
│ conv2_1 (Conv2D)                │ (None, 112, 112, 128)  │        73,856 │
├─────────────────────────────────┼────────────────────────┼───────────────┤
│ conv2_2 (Conv2D)                │ (None, 112, 112, 128)  │       147,584 │
├─────────────────────────────────┼────────────────────────┼───────────────┤
│ pool2 (MaxPooling2D)            │ (None, 56, 56, 128)    │             0 │
├─────────────────────────────────┼────────────────────────┼───────────────┤
│ conv3_1 (Conv2D)                │ (None, 56, 56, 256)    │       295,168 │
├─────────────────────────────────┼────────────────────────┼───────────────┤
│ conv3_2 (Conv2D)                │ (None, 56, 56, 256)    │       590,080 │
├─────────────────────────────────┼────────────────────────┼───────────────┤
│ conv3_3 (Conv2D)                │ (None, 56, 56, 256)    │       590,080 │
├─────────────────────────────────┼────────────────────────┼───────────────┤
│ pool3 (MaxPooling2D)            │ (None, 28, 28, 256)    │             0 │
├─────────────────────────────────┼────────────────────────┼───────────────┤
│ conv4_1 (Conv2D)                │ (None, 28, 28, 512)    │     1,180,160 │
├─────────────────────────────────┼────────────────────────┼───────────────┤
│ conv4_2 (Conv2D)                │ (None, 28, 28, 512)    │     2,359,808 │
├─────────────────────────────────┼────────────────────────┼───────────────┤
│ conv4_3 (Conv2D)                │ (None, 28, 28, 512)    │     2,359,808 │
├─────────────────────────────────┼────────────────────────┼───────────────┤
│ pool4 (MaxPooling2D)            │ (None, 14, 14, 512)    │             0 │
├─────────────────────────────────┼────────────────────────┼───────────────┤
│ conv5_1 (Conv2D)                │ (None, 14, 14, 512)    │     2,359,808 │
├─────────────────────────────────┼────────────────────────┼───────────────┤
│ conv5_2 (Conv2D)                │ (None, 14, 14, 512)    │     2,359,808 │
├─────────────────────────────────┼────────────────────────┼───────────────┤
│ conv5_3 (Conv2D)                │ (None, 14, 14, 512)    │     2,359,808 │
├─────────────────────────────────┼────────────────────────┼───────────────┤
│ pool5 (MaxPooling2D)            │ (None, 7, 7, 512)      │             0 │
├─────────────────────────────────┼────────────────────────┼───────────────┤
│ flatten (Flatten)               │ (None, 25088)          │             0 │
├─────────────────────────────────┼────────────────────────┼───────────────┤
│ fc6 (Dense)                     │ (None, 4096)           │   102,764,544 │
├─────────────────────────────────┼────────────────────────┼───────────────┤
│ fc6_relu (Activation)           │ (None, 4096)           │             0 │
├─────────────────────────────────┼────────────────────────┼───────────────┤
│ fc7 (Dense)                     │ (None, 4096)           │    16,781,312 │
├─────────────────────────────────┼────────────────────────┼───────────────┤
│ fc7_relu (Activation)           │ (None, 4096)           │             0 │
├─────────────────────────────────┼────────────────────────┼───────────────┤
│ fc8 (Dense)                     │ (None, 2622)           │    10,742,334 │
├─────────────────────────────────┼────────────────────────┼───────────────┤
│ fc8_softmax (Activation)        │ (None, 2622)           │             0 │
└─────────────────────────────────┴────────────────────────┴───────────────┘
 Total params: 145,002,878 (553.14 MB)
 Trainable params: 145,002,878 (553.14 MB)
 Non-trainable params: 0 (0.00 B)

2026-09-07 17:29:48,019 | INFO | Model: "celebrity_transfer"
┏━━━━━━━━━━━━━━━━━━━━━━━━━━━━━━━━━┳━━━━━━━━━━━━━━━━━━━━━━━━┳━━━━━━━━━━━━━━━┓
┃ Layer (type)                    ┃ Output Shape           ┃       Param # ┃
┡━━━━━━━━━━━━━━━━━━━━━━━━━━━━━━━━━╇━━━━━━━━━━━━━━━━━━━━━━━━╇━━━━━━━━━━━━━━━┩
│ face_rgb (InputLayer)           │ (None, 224, 224, 3)    │             0 │
├─────────────────────────────────┼────────────────────────┼───────────────┤
│ conv1_1 (Conv2D)                │ (None, 224, 224, 64)   │         1,792 │
├─────────────────────────────────┼────────────────────────┼───────────────┤
│ conv1_2 (Conv2D)                │ (None, 224, 224, 64)   │        36,928 │
├─────────────────────────────────┼────────────────────────┼───────────────┤
│ pool1 (MaxPooling2D)            │ (None, 112, 112, 64)   │             0 │
├─────────────────────────────────┼────────────────────────┼───────────────┤
│ conv2_1 (Conv2D)                │ (None, 112, 112, 128)  │        73,856 │
├─────────────────────────────────┼────────────────────────┼───────────────┤
│ conv2_2 (Conv2D)                │ (None, 112, 112, 128)  │       147,584 │
├─────────────────────────────────┼────────────────────────┼───────────────┤
│ pool2 (MaxPooling2D)            │ (None, 56, 56, 128)    │             0 │
├─────────────────────────────────┼────────────────────────┼───────────────┤
│ conv3_1 (Conv2D)                │ (None, 56, 56, 256)    │       295,168 │
├─────────────────────────────────┼────────────────────────┼───────────────┤
│ conv3_2 (Conv2D)                │ (None, 56, 56, 256)    │       590,080 │
├─────────────────────────────────┼────────────────────────┼───────────────┤
│ conv3_3 (Conv2D)                │ (None, 56, 56, 256)    │       590,080 │
├─────────────────────────────────┼────────────────────────┼───────────────┤
│ pool3 (MaxPooling2D)            │ (None, 28, 28, 256)    │             0 │
├─────────────────────────────────┼────────────────────────┼───────────────┤
│ conv4_1 (Conv2D)                │ (None, 28, 28, 512)    │     1,180,160 │
├─────────────────────────────────┼────────────────────────┼───────────────┤
│ conv4_2 (Conv2D)                │ (None, 28, 28, 512)    │     2,359,808 │
├─────────────────────────────────┼────────────────────────┼───────────────┤
│ conv4_3 (Conv2D)                │ (None, 28, 28, 512)    │     2,359,808 │
├─────────────────────────────────┼────────────────────────┼───────────────┤
│ pool4 (MaxPooling2D)            │ (None, 14, 14, 512)    │             0 │
├─────────────────────────────────┼────────────────────────┼───────────────┤
│ conv5_1 (Conv2D)                │ (None, 14, 14, 512)    │     2,359,808 │
├─────────────────────────────────┼────────────────────────┼───────────────┤
│ conv5_2 (Conv2D)                │ (None, 14, 14, 512)    │     2,359,808 │
├─────────────────────────────────┼────────────────────────┼───────────────┤
│ conv5_3 (Conv2D)                │ (None, 14, 14, 512)    │     2,359,808 │
├─────────────────────────────────┼────────────────────────┼───────────────┤
│ pool5 (MaxPooling2D)            │ (None, 7, 7, 512)      │             0 │
├─────────────────────────────────┼────────────────────────┼───────────────┤
│ flatten (Flatten)               │ (None, 25088)          │             0 │
├─────────────────────────────────┼────────────────────────┼───────────────┤
│ fc6 (Dense)                     │ (None, 4096)           │   102,764,544 │
├─────────────────────────────────┼────────────────────────┼───────────────┤
│ fc6_relu (Activation)           │ (None, 4096)           │             0 │
├─────────────────────────────────┼────────────────────────┼───────────────┤
│ celebrity_hidden (Dense)        │ (None, 100)            │       409,700 │
├─────────────────────────────────┼────────────────────────┼───────────────┤
│ celebrity_softmax (Dense)       │ (None, 3)              │           303 │
└─────────────────────────────────┴────────────────────────┴───────────────┘
 Total params: 117,889,235 (449.71 MB)
 Trainable params: 410,003 (1.56 MB)
 Non-trainable params: 117,479,232 (448.15 MB)

2026-09-07 17:30:23,456 | INFO | Frozen VGGFace head epoch 1 | {'accuracy': 0.9495614171028137, 'loss': 0.1615583300590515, 'val_accuracy': 1.0, 'val_loss': 0.018745368346571922} | elapsed 34.9s
2026-09-07 17:30:59,201 | INFO | Frozen VGGFace head epoch 2 | {'accuracy': 0.9978070259094238, 'loss': 0.01577913574874401, 'val_accuracy': 1.0, 'val_loss': 0.009074520319700241} | elapsed 70.6s
2026-09-07 17:31:34,149 | INFO | Frozen VGGFace head epoch 3 | {'accuracy': 1.0, 'loss': 0.01266157254576683, 'val_accuracy': 1.0, 'val_loss': 0.0064377388916909695} | elapsed 105.5s
2026-09-07 17:32:08,923 | INFO | Frozen VGGFace head epoch 4 | {'accuracy': 1.0, 'loss': 0.007527797482907772, 'val_accuracy': 1.0, 'val_loss': 0.005287705920636654} | elapsed 140.3s
2026-09-07 17:32:44,584 | INFO | Frozen VGGFace head epoch 5 | {'accuracy': 0.9978070259094238, 'loss': 0.00621821591630578, 'val_accuracy': 1.0, 'val_loss': 0.005831858608871698} | elapsed 176.0s
2026-09-07 17:33:33,463 | INFO | All notebook correctness and assignment checks passed.
2026-09-07 17:33:33,464 | INFO | Metrics: C:\Users\asherk\PycharmProjects\DS_Training\E - nn_intro\part2\outputs\cnn_20260907_171753\metrics.json
2026-09-07 17:33:33,465 | INFO | Timestamped output directory: C:\Users\asherk\PycharmProjects\DS_Training\E - nn_intro\part2\outputs\cnn_20260907_171753
2026-09-07 17:34:11,274 | INFO | Saved dense model prediction round-trip passed
2026-09-07 17:34:11,587 | INFO | Saved cnn model prediction round-trip passed
2026-09-07 17:34:11,594 | INFO | All notebook correctness and assignment checks passed.
2026-09-07 17:34:11,596 | INFO | Metrics: C:\Users\asherk\PycharmProjects\DS_Training\E - nn_intro\part2\outputs\cnn_20260907_171753\metrics.json
2026-09-07 17:34:11,602 | INFO | Timestamped output directory: C:\Users\asherk\PycharmProjects\DS_Training\E - nn_intro\part2\outputs\cnn_20260907_171753
